---
source: crates/zerostack-harness/tests/golden_invariants.rs
expression: pin
---
{
  "feature_count": 71,
  "present": 50,
  "partial": 10,
  "missing": 8,
  "excluded": 3,
  "wired_count": 48,
  "catalog_tag_count": 53,
  "unverified_count": 5,
  "contract_sections": 8,
  "fixture_entries": 4
}
