{
  "all_required_artifacts_present": true,
  "all_required_artifacts_valid": true,
  "all_requirement_rows_passed": false,
  "all_residual_gates_resolved": false,
  "all_verification_evidence_artifacts_present": true,
  "all_verification_evidence_artifacts_valid": true,
  "all_verification_plan_rows_passed": false,
  "anti_drift_reminders": [
    {
      "action": "Add or rerun source currency command before public claims",
      "risk": "Repeated source staleness",
      "surface": "repo CLI or docs",
      "validation": "claim audit"
    },
    {
      "action": "Use completion-audit and this handoff packet before final response",
      "risk": "Repeated agent drift",
      "surface": "PRD template or skill",
      "validation": "completion-audit"
    },
    {
      "action": "use release_verification_binary or explicitly approved install apply before relying on global tokenzero",
      "risk": "Global wrapper drift",
      "surface": "local shell",
      "validation": "installed_wrapper_audit"
    }
  ],
  "approved_install_required_for_global_update": true,
  "artifact_integrity_matrix": [
    {
      "content_markers_present": null,
      "expected_content_markers": null,
      "expected_release_candidate_id": "golden-test",
      "expected_schema_version": "tokenzero.completion_audit.v1",
      "id": "completion_audit",
      "path": "results/current/tokenzero_completion_audit.json",
      "present": true,
      "readable": true,
      "reasons": [],
      "release_candidate_id": "golden-test",
      "release_candidate_matches": true,
      "required_for_final_reconciliation": true,
      "schema_matches": true,
      "schema_version": "tokenzero.completion_audit.v1",
      "valid": true
    },
    {
      "content_markers_present": null,
      "expected_content_markers": null,
      "expected_release_candidate_id": null,
      "expected_schema_version": "tokenzero.security_privacy_audit.v1",
      "id": "security_privacy_audit",
      "path": "results/current/tokenzero_security_privacy_audit.json",
      "present": true,
      "readable": true,
      "reasons": [],
      "release_candidate_id": null,
      "release_candidate_matches": null,
      "required_for_final_reconciliation": true,
      "schema_matches": true,
      "schema_version": "tokenzero.security_privacy_audit.v1",
      "valid": true
    },
    {
      "content_markers_present": null,
      "expected_content_markers": null,
      "expected_release_candidate_id": "golden-test",
      "expected_schema_version": "tokenzero.bench.v1",
      "id": "bench_competitors",
      "path": "results/current/tokenzero_bench_competitors_shell_heavy.json",
      "present": true,
      "readable": true,
      "reasons": [],
      "release_candidate_id": "golden-test",
      "release_candidate_matches": true,
      "required_for_final_reconciliation": true,
      "schema_matches": true,
      "schema_version": "tokenzero.bench.v1",
      "valid": true
    },
    {
      "content_markers_present": null,
      "expected_content_markers": null,
      "expected_release_candidate_id": "golden-test",
      "expected_schema_version": "tokenzero.adapter_approval_audit.v1",
      "id": "adapter_approval_audit",
      "path": "results/current/tokenzero_adapter_approval_audit.json",
      "present": true,
      "readable": true,
      "reasons": [],
      "release_candidate_id": "golden-test",
      "release_candidate_matches": true,
      "required_for_final_reconciliation": true,
      "schema_matches": true,
      "schema_version": "tokenzero.adapter_approval_audit.v1",
      "valid": true
    },
    {
      "content_markers_present": null,
      "expected_content_markers": null,
      "expected_release_candidate_id": null,
      "expected_schema_version": "tokenzero.adapter_approval_file.v1",
      "id": "adapter_approval_file",
      "path": "results/current/tokenzero_adapter_approval_file.json",
      "present": true,
      "readable": true,
      "reasons": [],
      "release_candidate_id": null,
      "release_candidate_matches": null,
      "required_for_final_reconciliation": true,
      "schema_matches": true,
      "schema_version": "tokenzero.adapter_approval_file.v1",
      "valid": true
    },
    {
      "content_markers_present": null,
      "expected_content_markers": null,
      "expected_release_candidate_id": "golden-test",
      "expected_schema_version": "tokenzero.source_currency.v1",
      "id": "source_currency",
      "path": "results/current/tokenzero_source_currency.json",
      "present": true,
      "readable": true,
      "reasons": [],
      "release_candidate_id": "golden-test",
      "release_candidate_matches": true,
      "required_for_final_reconciliation": true,
      "schema_matches": true,
      "schema_version": "tokenzero.source_currency.v1",
      "valid": true
    },
    {
      "content_markers_present": null,
      "expected_content_markers": null,
      "expected_release_candidate_id": "golden-test",
      "expected_schema_version": "tokenzero.claim_audit.v1",
      "id": "claim_audit",
      "path": "results/current/tokenzero_claim_audit.json",
      "present": true,
      "readable": true,
      "reasons": [],
      "release_candidate_id": "golden-test",
      "release_candidate_matches": true,
      "required_for_final_reconciliation": true,
      "schema_matches": true,
      "schema_version": "tokenzero.claim_audit.v1",
      "valid": true
    },
    {
      "content_markers_present": null,
      "expected_content_markers": null,
      "expected_release_candidate_id": "golden-test",
      "expected_schema_version": "tokenzero.os_reach_audit.v1",
      "id": "os_reach",
      "path": "results/current/tokenzero_os_reach_audit.json",
      "present": true,
      "readable": true,
      "reasons": [],
      "release_candidate_id": "golden-test",
      "release_candidate_matches": true,
      "required_for_final_reconciliation": true,
      "schema_matches": true,
      "schema_version": "tokenzero.os_reach_audit.v1",
      "valid": true
    },
    {
      "content_markers_present": null,
      "expected_content_markers": null,
      "expected_release_candidate_id": "golden-test",
      "expected_schema_version": "tokenzero.os_release_artifact.v1",
      "id": "os_release_artifact",
      "path": "results/current/tokenzero_os_release_artifact.json",
      "present": true,
      "readable": true,
      "reasons": [],
      "release_candidate_id": "golden-test",
      "release_candidate_matches": true,
      "required_for_final_reconciliation": true,
      "schema_matches": true,
      "schema_version": "tokenzero.os_release_artifact.v1",
      "valid": true
    },
    {
      "content_markers_present": null,
      "expected_content_markers": null,
      "expected_release_candidate_id": "golden-test",
      "expected_schema_version": "tokenzero.one_shot_eval.v1",
      "id": "one_shot",
      "path": "results/current/tokenzero_one_shot_eval.json",
      "present": true,
      "readable": true,
      "reasons": [],
      "release_candidate_id": "golden-test",
      "release_candidate_matches": true,
      "required_for_final_reconciliation": true,
      "schema_matches": true,
      "schema_version": "tokenzero.one_shot_eval.v1",
      "valid": true
    },
    {
      "content_markers_present": null,
      "expected_content_markers": null,
      "expected_release_candidate_id": "golden-test",
      "expected_schema_version": "tokenzero.one_shot_eval.v1",
      "id": "task_success",
      "path": "results/current/tokenzero_one_shot_eval.json",
      "present": true,
      "readable": true,
      "reasons": [],
      "release_candidate_id": "golden-test",
      "release_candidate_matches": true,
      "required_for_final_reconciliation": true,
      "schema_matches": true,
      "schema_version": "tokenzero.one_shot_eval.v1",
      "valid": true
    },
    {
      "content_markers_present": null,
      "expected_content_markers": null,
      "expected_release_candidate_id": "golden-test",
      "expected_schema_version": "tokenzero.exact_recovery_audit.v1",
      "id": "exact_recovery",
      "path": "results/current/tokenzero_exact_recovery_audit.json",
      "present": true,
      "readable": true,
      "reasons": [],
      "release_candidate_id": "golden-test",
      "release_candidate_matches": true,
      "required_for_final_reconciliation": true,
      "schema_matches": true,
      "schema_version": "tokenzero.exact_recovery_audit.v1",
      "valid": true
    },
    {
      "content_markers_present": null,
      "expected_content_markers": null,
      "expected_release_candidate_id": null,
      "expected_schema_version": "tokenzero.exact_recovery_shell.v1",
      "id": "exact_recovery_shell",
      "path": "results/current/tokenzero_exact_recovery_shell.json",
      "present": true,
      "readable": true,
      "reasons": [],
      "release_candidate_id": null,
      "release_candidate_matches": null,
      "required_for_final_reconciliation": true,
      "schema_matches": true,
      "schema_version": "tokenzero.exact_recovery_shell.v1",
      "valid": true
    },
    {
      "content_markers_present": null,
      "expected_content_markers": null,
      "expected_release_candidate_id": null,
      "expected_schema_version": "tokenzero.false_success_shell.v1",
      "id": "false_success_shell",
      "path": "results/current/tokenzero_false_success_shell.json",
      "present": true,
      "readable": true,
      "reasons": [],
      "release_candidate_id": null,
      "release_candidate_matches": null,
      "required_for_final_reconciliation": true,
      "schema_matches": true,
      "schema_version": "tokenzero.false_success_shell.v1",
      "valid": true
    },
    {
      "content_markers_present": null,
      "expected_content_markers": null,
      "expected_release_candidate_id": null,
      "expected_schema_version": "tokenzero.reach.v1",
      "id": "reach",
      "path": "results/current/tokenzero_reach.json",
      "present": true,
      "readable": true,
      "reasons": [],
      "release_candidate_id": null,
      "release_candidate_matches": null,
      "required_for_final_reconciliation": true,
      "schema_matches": true,
      "schema_version": "tokenzero.reach.v1",
      "valid": true
    },
    {
      "content_markers_present": null,
      "expected_content_markers": null,
      "expected_release_candidate_id": null,
      "expected_schema_version": "tokenzero.rust_mcp_churn.v1",
      "id": "mcp_smoke",
      "path": "results/current/rust_mcp_smoke.json",
      "present": true,
      "readable": true,
      "reasons": [],
      "release_candidate_id": null,
      "release_candidate_matches": null,
      "required_for_final_reconciliation": true,
      "schema_matches": true,
      "schema_version": "tokenzero.rust_mcp_churn.v1",
      "valid": true
    },
    {
      "content_markers_present": null,
      "expected_content_markers": null,
      "expected_release_candidate_id": null,
      "expected_schema_version": "tokenzero.shell_matrix.v1",
      "id": "shell_matrix",
      "path": "results/current/tokenzero_shell_matrix.json",
      "present": true,
      "readable": true,
      "reasons": [],
      "release_candidate_id": null,
      "release_candidate_matches": null,
      "required_for_final_reconciliation": true,
      "schema_matches": true,
      "schema_version": "tokenzero.shell_matrix.v1",
      "valid": true
    },
    {
      "content_markers_present": true,
      "expected_content_markers": [
        "## ADR-",
        "Failure-first evidence:",
        "Residual gates:",
        "validate_prd_goal.py",
        "cargo test --workspace"
      ],
      "expected_release_candidate_id": null,
      "expected_schema_version": null,
      "id": "advanced_adr",
      "path": "docs/advanced-adr-execution-record.md",
      "present": true,
      "readable": true,
      "reasons": [],
      "release_candidate_id": null,
      "release_candidate_matches": null,
      "required_for_final_reconciliation": true,
      "schema_matches": null,
      "schema_version": null,
      "valid": true
    },
    {
      "content_markers_present": true,
      "expected_content_markers": [
        "Snapshot",
        "no gated action was performed"
      ],
      "expected_release_candidate_id": null,
      "expected_schema_version": null,
      "id": "competitive_reconciliation",
      "path": "results/current/tokenzero_competitive_superiority_reconciliation.md",
      "present": true,
      "readable": true,
      "reasons": [],
      "release_candidate_id": null,
      "release_candidate_matches": null,
      "required_for_final_reconciliation": true,
      "schema_matches": null,
      "schema_version": null,
      "valid": true
    }
  ],
  "artifacts": [
    {
      "id": "completion_audit",
      "path": "results/current/tokenzero_completion_audit.json",
      "purpose": "false-closure audit and requirement map",
      "required_for_final_reconciliation": true
    },
    {
      "id": "security_privacy_audit",
      "path": "results/current/tokenzero_security_privacy_audit.json",
      "purpose": "G-009/NFR-003/NFR-004 local security and privacy proof",
      "required_for_final_reconciliation": true
    },
    {
      "id": "bench_competitors",
      "path": "results/current/tokenzero_bench_competitors_shell_heavy.json",
      "purpose": "Safe Savings benchmark and unavailable-row adapter matrix",
      "required_for_final_reconciliation": true
    },
    {
      "id": "adapter_approval_audit",
      "path": "results/current/tokenzero_adapter_approval_audit.json",
      "purpose": "Non-executing reviewed-command gate for runnable competitor adapters",
      "required_for_final_reconciliation": true
    },
    {
      "id": "adapter_approval_file",
      "path": "results/current/tokenzero_adapter_approval_file.json",
      "purpose": "reviewed command-shape approval file; execution and public claims remain gated",
      "required_for_final_reconciliation": true
    },
    {
      "id": "source_currency",
      "path": "results/current/tokenzero_source_currency.json",
      "purpose": "private source ledger and public freshness gate",
      "required_for_final_reconciliation": true
    },
    {
      "id": "claim_audit",
      "path": "results/current/tokenzero_claim_audit.json",
      "purpose": "public claim gate, same-release-candidate check, and gated action list",
      "required_for_final_reconciliation": true
    },
    {
      "id": "os_reach",
      "path": "results/current/tokenzero_os_reach_audit.json",
      "purpose": "OS reach evidence with macOS release claim still blocked",
      "required_for_final_reconciliation": true
    },
    {
      "id": "os_release_artifact",
      "path": "results/current/tokenzero_os_release_artifact.json",
      "purpose": "Current release artifact schema; next OS release artifact needed for macOS",
      "required_for_final_reconciliation": true
    },
    {
      "id": "one_shot",
      "path": "results/current/tokenzero_one_shot_eval.json",
      "purpose": "golden critical trace one-shot adequacy evidence",
      "required_for_final_reconciliation": true
    },
    {
      "id": "task_success",
      "path": "results/current/tokenzero_one_shot_eval.json",
      "purpose": "claim-gate task-success proof from one-shot adequacy rows",
      "required_for_final_reconciliation": true
    },
    {
      "id": "exact_recovery",
      "path": "results/current/tokenzero_exact_recovery_audit.json",
      "purpose": "normal and degraded exact recovery audit",
      "required_for_final_reconciliation": true
    },
    {
      "id": "exact_recovery_shell",
      "path": "results/current/tokenzero_exact_recovery_shell.json",
      "purpose": "VP-006 byte-perfect shell expand checks for emitted local refs",
      "required_for_final_reconciliation": true
    },
    {
      "id": "false_success_shell",
      "path": "results/current/tokenzero_false_success_shell.json",
      "purpose": "FR-006 shell status truth audit for nonzero, failed cd, masked pipeline, timeout, and success",
      "required_for_final_reconciliation": true
    },
    {
      "id": "reach",
      "path": "results/current/tokenzero_reach.json",
      "purpose": "FR-008/G-007 host reach and installed wrapper trust evidence",
      "required_for_final_reconciliation": true
    },
    {
      "id": "mcp_smoke",
      "path": "results/current/rust_mcp_smoke.json",
      "purpose": "VP-003 MCP smoke proof with ok true and no unexpected exits",
      "required_for_final_reconciliation": true
    },
    {
      "id": "shell_matrix",
      "path": "results/current/tokenzero_shell_matrix.json",
      "purpose": "VP-004 shell matrix proof for current-host runtime behavior",
      "required_for_final_reconciliation": true
    },
    {
      "id": "advanced_adr",
      "path": "docs/advanced-adr-execution-record.md",
      "purpose": "phase decisions and evidence record",
      "required_for_final_reconciliation": true
    },
    {
      "id": "competitive_reconciliation",
      "path": "results/current/tokenzero_competitive_superiority_reconciliation.md",
      "purpose": "residual gate reconciliation snapshot and no-gated-action proof",
      "required_for_final_reconciliation": true
    }
  ],
  "blocked_requirement_ids": [
    "G-005",
    "G-008",
    "FR-007",
    "FR-010",
    "NFR-002"
  ],
  "blocked_residual_gate_ids": [
    "adapter_approval",
    "benchmark_artifact",
    "os_artifact",
    "release_approval"
  ],
  "blocked_verification_plan_ids": [
    "VP-004",
    "VP-008"
  ],
  "completion_achieved": false,
  "completion_audit_snapshot": {
    "all_direct_artifact_evidence_valid": true,
    "all_direct_file_evidence_present": true,
    "all_requirement_rows_passed": false,
    "all_residual_gates_resolved": false,
    "artifact_path": "results/current/tokenzero_completion_audit.json",
    "blocked_requirement_ids": [
      "G-005",
      "G-008",
      "FR-007",
      "FR-010",
      "NFR-002"
    ],
    "blocked_residual_gate_ids": [
      "adapter_approval",
      "benchmark_artifact",
      "os_artifact",
      "release_approval"
    ],
    "claim_gate_snapshot": {
      "artifact_path": "results/current/tokenzero_claim_audit.json",
      "blocked_reasons": [
        "release approval not granted"
      ],
      "gate_passes": {
        "adapter_approval": false,
        "benchmark_artifact": false,
        "os_artifact": false,
        "release_approval": false,
        "release_candidate": true,
        "source_currency": true
      },
      "gate_reasons": {
        "adapter_approval": [
          "adapter approval artifact does not allow execution",
          "adapter approval artifact not approved for public claims"
        ],
        "benchmark_artifact": [
          "benchmark artifact not approved for publication",
          "benchmark competitor rows must be runnable for public claims"
        ],
        "os_artifact": [
          "OS artifact set not approved for public claim"
        ],
        "release_approval": [
          "release approval not granted"
        ],
        "release_candidate": [],
        "source_currency": []
      },
      "present": true,
      "public_claims_approved": false,
      "release_candidate_artifacts": [
        {
          "artifact_id": "source_artifact",
          "artifact_path": "results/current/tokenzero_source_currency.json",
          "release_candidate_id": "golden-test",
          "schema_version": "tokenzero.source_currency.v1"
        },
        {
          "artifact_id": "adapter_approval_artifact",
          "artifact_path": "results/current/tokenzero_adapter_approval_audit.json",
          "release_candidate_id": "golden-test",
          "schema_version": "tokenzero.adapter_approval_audit.v1"
        }
      ],
      "release_candidate_id": "golden-test",
      "release_candidate_ids": [
        "golden-test"
      ],
      "schema_version": "tokenzero.claim_audit.v1"
    },
    "completion_achieved": false,
    "completion_status": "blocked",
    "evidence_integrity_matrix": [
      {
        "artifact_valid": true,
        "content_markers_present": null,
        "evidence": "results/current/tokenzero_source_currency.json",
        "evidence_kind": "artifact",
        "expected_content_markers": null,
        "expected_release_candidate_id": "golden-test",
        "expected_schema_version": "tokenzero.source_currency.v1",
        "present": true,
        "reasons": [],
        "release_candidate_id": "golden-test",
        "release_candidate_matches": true,
        "requirement_id": "G-001",
        "requirement_residual": "source evidence is current; public claims still require benchmark, recovery, task-success, OS, adapter, and release approval gates",
        "requirement_status": "passed_private",
        "schema_matches": true,
        "schema_version": "tokenzero.source_currency.v1",
        "section": "g_goals",
        "status": "present"
      },
      {
        "artifact_valid": true,
        "content_markers_present": null,
        "evidence": "results/current/tokenzero_bench_competitors_shell_heavy.json",
        "evidence_kind": "artifact",
        "expected_content_markers": null,
        "expected_release_candidate_id": "golden-test",
        "expected_schema_version": "tokenzero.bench.v1",
        "present": true,
        "reasons": [],
        "release_candidate_id": "golden-test",
        "release_candidate_matches": true,
        "requirement_id": "G-002",
        "requirement_residual": "runnable competitor execution remains approval-gated",
        "requirement_status": "passed_private",
        "schema_matches": true,
        "schema_version": "tokenzero.bench.v1",
        "section": "g_goals",
        "status": "present"
      },
      {
        "artifact_valid": true,
        "content_markers_present": null,
        "evidence": "results/current/tokenzero_adapter_approval_audit.json",
        "evidence_kind": "artifact",
        "expected_content_markers": null,
        "expected_release_candidate_id": "golden-test",
        "expected_schema_version": "tokenzero.adapter_approval_audit.v1",
        "present": true,
        "reasons": [],
        "release_candidate_id": "golden-test",
        "release_candidate_matches": true,
        "requirement_id": "G-002",
        "requirement_residual": "runnable competitor execution remains approval-gated",
        "requirement_status": "passed_private",
        "schema_matches": true,
        "schema_version": "tokenzero.adapter_approval_audit.v1",
        "section": "g_goals",
        "status": "present"
      },
      {
        "artifact_valid": true,
        "content_markers_present": null,
        "evidence": "results/current/tokenzero_exact_recovery_audit.json",
        "evidence_kind": "artifact",
        "expected_content_markers": null,
        "expected_release_candidate_id": "golden-test",
        "expected_schema_version": "tokenzero.exact_recovery_audit.v1",
        "present": true,
        "reasons": [],
        "release_candidate_id": "golden-test",
        "release_candidate_matches": true,
        "requirement_id": "G-003",
        "requirement_residual": null,
        "requirement_status": "passed",
        "schema_matches": true,
        "schema_version": "tokenzero.exact_recovery_audit.v1",
        "section": "g_goals",
        "status": "present"
      },
      {
        "artifact_valid": true,
        "content_markers_present": null,
        "evidence": "results/current/tokenzero_exact_recovery_shell.json",
        "evidence_kind": "artifact",
        "expected_content_markers": null,
        "expected_release_candidate_id": null,
        "expected_schema_version": "tokenzero.exact_recovery_shell.v1",
        "present": true,
        "reasons": [],
        "release_candidate_id": null,
        "release_candidate_matches": null,
        "requirement_id": "G-003",
        "requirement_residual": null,
        "requirement_status": "passed",
        "schema_matches": true,
        "schema_version": "tokenzero.exact_recovery_shell.v1",
        "section": "g_goals",
        "status": "present"
      },
      {
        "artifact_valid": true,
        "content_markers_present": null,
        "evidence": "results/current/tokenzero_one_shot_eval.json",
        "evidence_kind": "artifact",
        "expected_content_markers": null,
        "expected_release_candidate_id": "golden-test",
        "expected_schema_version": "tokenzero.one_shot_eval.v1",
        "present": true,
        "reasons": [],
        "release_candidate_id": "golden-test",
        "release_candidate_matches": true,
        "requirement_id": "G-004",
        "requirement_residual": "public one-shot claim remains gated",
        "requirement_status": "passed_private",
        "schema_matches": true,
        "schema_version": "tokenzero.one_shot_eval.v1",
        "section": "g_goals",
        "status": "present"
      },
      {
        "artifact_valid": true,
        "content_markers_present": null,
        "evidence": "results/current/tokenzero_os_reach_audit.json",
        "evidence_kind": "artifact",
        "expected_content_markers": null,
        "expected_release_candidate_id": "golden-test",
        "expected_schema_version": "tokenzero.os_reach_audit.v1",
        "present": true,
        "reasons": [],
        "release_candidate_id": "golden-test",
        "release_candidate_matches": true,
        "requirement_id": "G-005",
        "requirement_residual": "macOS shell and install artifacts missing",
        "requirement_status": "blocked_public",
        "schema_matches": true,
        "schema_version": "tokenzero.os_reach_audit.v1",
        "section": "g_goals",
        "status": "present"
      },
      {
        "artifact_valid": true,
        "content_markers_present": null,
        "evidence": "results/current/tokenzero_os_release_artifact.json",
        "evidence_kind": "artifact",
        "expected_content_markers": null,
        "expected_release_candidate_id": "golden-test",
        "expected_schema_version": "tokenzero.os_release_artifact.v1",
        "present": true,
        "reasons": [],
        "release_candidate_id": "golden-test",
        "release_candidate_matches": true,
        "requirement_id": "G-005",
        "requirement_residual": "macOS shell and install artifacts missing",
        "requirement_status": "blocked_public",
        "schema_matches": true,
        "schema_version": "tokenzero.os_release_artifact.v1",
        "section": "g_goals",
        "status": "present"
      },
      {
        "artifact_valid": null,
        "content_markers_present": null,
        "evidence": "cargo test --workspace",
        "evidence_kind": "command",
        "expected_content_markers": null,
        "expected_release_candidate_id": null,
        "expected_schema_version": null,
        "present": null,
        "reasons": [],
        "release_candidate_id": null,
        "release_candidate_matches": null,
        "requirement_id": "G-006",
        "requirement_residual": null,
        "requirement_status": "passed",
        "schema_matches": null,
        "schema_version": null,
        "section": "g_goals",
        "status": "command_evidence"
      },
      {
        "artifact_valid": true,
        "content_markers_present": null,
        "evidence": "results/current/tokenzero_false_success_shell.json",
        "evidence_kind": "artifact",
        "expected_content_markers": null,
        "expected_release_candidate_id": null,
        "expected_schema_version": "tokenzero.false_success_shell.v1",
        "present": true,
        "reasons": [],
        "release_candidate_id": null,
        "release_candidate_matches": null,
        "requirement_id": "G-006",
        "requirement_residual": null,
        "requirement_status": "passed",
        "schema_matches": true,
        "schema_version": "tokenzero.false_success_shell.v1",
        "section": "g_goals",
        "status": "present"
      },
      {
        "artifact_valid": true,
        "content_markers_present": null,
        "evidence": "results/current/tokenzero_bench_competitors_shell_heavy.json",
        "evidence_kind": "artifact",
        "expected_content_markers": null,
        "expected_release_candidate_id": "golden-test",
        "expected_schema_version": "tokenzero.bench.v1",
        "present": true,
        "reasons": [],
        "release_candidate_id": "golden-test",
        "release_candidate_matches": true,
        "requirement_id": "G-006",
        "requirement_residual": null,
        "requirement_status": "passed",
        "schema_matches": true,
        "schema_version": "tokenzero.bench.v1",
        "section": "g_goals",
        "status": "present"
      },
      {
        "artifact_valid": true,
        "content_markers_present": null,
        "evidence": "results/current/tokenzero_reach.json",
        "evidence_kind": "artifact",
        "expected_content_markers": null,
        "expected_release_candidate_id": null,
        "expected_schema_version": "tokenzero.reach.v1",
        "present": true,
        "reasons": [],
        "release_candidate_id": null,
        "release_candidate_matches": null,
        "requirement_id": "G-007",
        "requirement_residual": "non-current OS release artifacts remain gated",
        "requirement_status": "passed_private",
        "schema_matches": true,
        "schema_version": "tokenzero.reach.v1",
        "section": "g_goals",
        "status": "present"
      },
      {
        "artifact_valid": true,
        "content_markers_present": null,
        "evidence": "results/current/tokenzero_os_reach_audit.json",
        "evidence_kind": "artifact",
        "expected_content_markers": null,
        "expected_release_candidate_id": "golden-test",
        "expected_schema_version": "tokenzero.os_reach_audit.v1",
        "present": true,
        "reasons": [],
        "release_candidate_id": "golden-test",
        "release_candidate_matches": true,
        "requirement_id": "G-007",
        "requirement_residual": "non-current OS release artifacts remain gated",
        "requirement_status": "passed_private",
        "schema_matches": true,
        "schema_version": "tokenzero.os_reach_audit.v1",
        "section": "g_goals",
        "status": "present"
      },
      {
        "artifact_valid": true,
        "content_markers_present": null,
        "evidence": "results/current/tokenzero_os_release_artifact.json",
        "evidence_kind": "artifact",
        "expected_content_markers": null,
        "expected_release_candidate_id": "golden-test",
        "expected_schema_version": "tokenzero.os_release_artifact.v1",
        "present": true,
        "reasons": [],
        "release_candidate_id": "golden-test",
        "release_candidate_matches": true,
        "requirement_id": "G-007",
        "requirement_residual": "non-current OS release artifacts remain gated",
        "requirement_status": "passed_private",
        "schema_matches": true,
        "schema_version": "tokenzero.os_release_artifact.v1",
        "section": "g_goals",
        "status": "present"
      },
      {
        "artifact_valid": true,
        "content_markers_present": null,
        "evidence": "results/current/tokenzero_claim_audit.json",
        "evidence_kind": "artifact",
        "expected_content_markers": null,
        "expected_release_candidate_id": "golden-test",
        "expected_schema_version": "tokenzero.claim_audit.v1",
        "present": true,
        "reasons": [],
        "release_candidate_id": "golden-test",
        "release_candidate_matches": true,
        "requirement_id": "G-008",
        "requirement_residual": "public claim approval intentionally false: release approval not granted",
        "requirement_status": "passed_blocked",
        "schema_matches": true,
        "schema_version": "tokenzero.claim_audit.v1",
        "section": "g_goals",
        "status": "present"
      },
      {
        "artifact_valid": true,
        "content_markers_present": null,
        "evidence": "results/current/tokenzero_security_privacy_audit.json",
        "evidence_kind": "artifact",
        "expected_content_markers": null,
        "expected_release_candidate_id": null,
        "expected_schema_version": "tokenzero.security_privacy_audit.v1",
        "present": true,
        "reasons": [],
        "release_candidate_id": null,
        "release_candidate_matches": null,
        "requirement_id": "G-009",
        "requirement_residual": null,
        "requirement_status": "passed",
        "schema_matches": true,
        "schema_version": "tokenzero.security_privacy_audit.v1",
        "section": "g_goals",
        "status": "present"
      },
      {
        "artifact_valid": true,
        "content_markers_present": null,
        "evidence": "results/current/tokenzero_artifact_handoff.json",
        "evidence_kind": "artifact",
        "expected_content_markers": null,
        "expected_release_candidate_id": "golden-test",
        "expected_schema_version": "tokenzero.artifact_handoff.v1",
        "present": true,
        "reasons": [],
        "release_candidate_id": "golden-test",
        "release_candidate_matches": true,
        "requirement_id": "G-010",
        "requirement_residual": "completion remains blocked by explicit residual gates",
        "requirement_status": "passed_private",
        "schema_matches": true,
        "schema_version": "tokenzero.artifact_handoff.v1",
        "section": "g_goals",
        "status": "present"
      },
      {
        "artifact_valid": true,
        "content_markers_present": true,
        "evidence": "docs/advanced-adr-execution-record.md",
        "evidence_kind": "artifact",
        "expected_content_markers": [
          "## ADR-",
          "Failure-first evidence:",
          "Residual gates:",
          "validate_prd_goal.py",
          "cargo test --workspace"
        ],
        "expected_release_candidate_id": null,
        "expected_schema_version": null,
        "present": true,
        "reasons": [],
        "release_candidate_id": null,
        "release_candidate_matches": null,
        "requirement_id": "G-010",
        "requirement_residual": "completion remains blocked by explicit residual gates",
        "requirement_status": "passed_private",
        "schema_matches": null,
        "schema_version": null,
        "section": "g_goals",
        "status": "present"
      },
      {
        "artifact_valid": true,
        "content_markers_present": true,
        "evidence": "results/current/tokenzero_competitive_superiority_reconciliation.md",
        "evidence_kind": "artifact",
        "expected_content_markers": [
          "Snapshot",
          "no gated action was performed"
        ],
        "expected_release_candidate_id": null,
        "expected_schema_version": null,
        "present": true,
        "reasons": [],
        "release_candidate_id": null,
        "release_candidate_matches": null,
        "requirement_id": "G-010",
        "requirement_residual": "completion remains blocked by explicit residual gates",
        "requirement_status": "passed_private",
        "schema_matches": null,
        "schema_version": null,
        "section": "g_goals",
        "status": "present"
      },
      {
        "artifact_valid": null,
        "content_markers_present": null,
        "evidence": "validate_prd_goal.py --min-score 930",
        "evidence_kind": "command",
        "expected_content_markers": null,
        "expected_release_candidate_id": null,
        "expected_schema_version": null,
        "present": null,
        "reasons": [],
        "release_candidate_id": null,
        "release_candidate_matches": null,
        "requirement_id": "G-010",
        "requirement_residual": "completion remains blocked by explicit residual gates",
        "requirement_status": "passed_private",
        "schema_matches": null,
        "schema_version": null,
        "section": "g_goals",
        "status": "command_evidence"
      },
      {
        "artifact_valid": true,
        "content_markers_present": null,
        "evidence": "results/current/tokenzero_source_currency.json",
        "evidence_kind": "artifact",
        "expected_content_markers": null,
        "expected_release_candidate_id": "golden-test",
        "expected_schema_version": "tokenzero.source_currency.v1",
        "present": true,
        "reasons": [],
        "release_candidate_id": "golden-test",
        "release_candidate_matches": true,
        "requirement_id": "FR-001",
        "requirement_residual": "source evidence is current; public claims still require benchmark, recovery, task-success, OS, adapter, and release approval gates",
        "requirement_status": "passed_private",
        "schema_matches": true,
        "schema_version": "tokenzero.source_currency.v1",
        "section": "must_fr",
        "status": "present"
      },
      {
        "artifact_valid": true,
        "content_markers_present": null,
        "evidence": "results/current/tokenzero_bench_competitors_shell_heavy.json",
        "evidence_kind": "artifact",
        "expected_content_markers": null,
        "expected_release_candidate_id": "golden-test",
        "expected_schema_version": "tokenzero.bench.v1",
        "present": true,
        "reasons": [],
        "release_candidate_id": "golden-test",
        "release_candidate_matches": true,
        "requirement_id": "FR-002",
        "requirement_residual": "runnable competitor adapters require approval",
        "requirement_status": "passed_private",
        "schema_matches": true,
        "schema_version": "tokenzero.bench.v1",
        "section": "must_fr",
        "status": "present"
      },
      {
        "artifact_valid": true,
        "content_markers_present": null,
        "evidence": "results/current/tokenzero_adapter_approval_audit.json",
        "evidence_kind": "artifact",
        "expected_content_markers": null,
        "expected_release_candidate_id": "golden-test",
        "expected_schema_version": "tokenzero.adapter_approval_audit.v1",
        "present": true,
        "reasons": [],
        "release_candidate_id": "golden-test",
        "release_candidate_matches": true,
        "requirement_id": "FR-002",
        "requirement_residual": "runnable competitor adapters require approval",
        "requirement_status": "passed_private",
        "schema_matches": true,
        "schema_version": "tokenzero.adapter_approval_audit.v1",
        "section": "must_fr",
        "status": "present"
      },
      {
        "artifact_valid": true,
        "content_markers_present": null,
        "evidence": "results/current/tokenzero_exact_recovery_audit.json",
        "evidence_kind": "artifact",
        "expected_content_markers": null,
        "expected_release_candidate_id": "golden-test",
        "expected_schema_version": "tokenzero.exact_recovery_audit.v1",
        "present": true,
        "reasons": [],
        "release_candidate_id": "golden-test",
        "release_candidate_matches": true,
        "requirement_id": "FR-003",
        "requirement_residual": null,
        "requirement_status": "passed",
        "schema_matches": true,
        "schema_version": "tokenzero.exact_recovery_audit.v1",
        "section": "must_fr",
        "status": "present"
      },
      {
        "artifact_valid": true,
        "content_markers_present": null,
        "evidence": "results/current/tokenzero_protected_anchor_audit.json",
        "evidence_kind": "artifact",
        "expected_content_markers": null,
        "expected_release_candidate_id": null,
        "expected_schema_version": "tokenzero.protected_anchor_audit.v1",
        "present": true,
        "reasons": [],
        "release_candidate_id": null,
        "release_candidate_matches": null,
        "requirement_id": "FR-004",
        "requirement_residual": null,
        "requirement_status": "passed",
        "schema_matches": true,
        "schema_version": "tokenzero.protected_anchor_audit.v1",
        "section": "must_fr",
        "status": "present"
      },
      {
        "artifact_valid": true,
        "content_markers_present": null,
        "evidence": "results/current/tokenzero_one_shot_eval.json",
        "evidence_kind": "artifact",
        "expected_content_markers": null,
        "expected_release_candidate_id": "golden-test",
        "expected_schema_version": "tokenzero.one_shot_eval.v1",
        "present": true,
        "reasons": [],
        "release_candidate_id": "golden-test",
        "release_candidate_matches": true,
        "requirement_id": "FR-005",
        "requirement_residual": "public one-shot claim still gated",
        "requirement_status": "passed_private",
        "schema_matches": true,
        "schema_version": "tokenzero.one_shot_eval.v1",
        "section": "must_fr",
        "status": "present"
      },
      {
        "artifact_valid": null,
        "content_markers_present": null,
        "evidence": "cargo test --workspace",
        "evidence_kind": "command",
        "expected_content_markers": null,
        "expected_release_candidate_id": null,
        "expected_schema_version": null,
        "present": null,
        "reasons": [],
        "release_candidate_id": null,
        "release_candidate_matches": null,
        "requirement_id": "FR-006",
        "requirement_residual": null,
        "requirement_status": "passed",
        "schema_matches": null,
        "schema_version": null,
        "section": "must_fr",
        "status": "command_evidence"
      },
      {
        "artifact_valid": true,
        "content_markers_present": null,
        "evidence": "results/current/tokenzero_false_success_shell.json",
        "evidence_kind": "artifact",
        "expected_content_markers": null,
        "expected_release_candidate_id": null,
        "expected_schema_version": "tokenzero.false_success_shell.v1",
        "present": true,
        "reasons": [],
        "release_candidate_id": null,
        "release_candidate_matches": null,
        "requirement_id": "FR-006",
        "requirement_residual": null,
        "requirement_status": "passed",
        "schema_matches": true,
        "schema_version": "tokenzero.false_success_shell.v1",
        "section": "must_fr",
        "status": "present"
      },
      {
        "artifact_valid": true,
        "content_markers_present": null,
        "evidence": "results/current/tokenzero_os_reach_audit.json",
        "evidence_kind": "artifact",
        "expected_content_markers": null,
        "expected_release_candidate_id": "golden-test",
        "expected_schema_version": "tokenzero.os_reach_audit.v1",
        "present": true,
        "reasons": [],
        "release_candidate_id": "golden-test",
        "release_candidate_matches": true,
        "requirement_id": "FR-007",
        "requirement_residual": "macOS shell and install artifacts missing",
        "requirement_status": "blocked_public",
        "schema_matches": true,
        "schema_version": "tokenzero.os_reach_audit.v1",
        "section": "must_fr",
        "status": "present"
      },
      {
        "artifact_valid": true,
        "content_markers_present": null,
        "evidence": "results/current/tokenzero_os_release_artifact.json",
        "evidence_kind": "artifact",
        "expected_content_markers": null,
        "expected_release_candidate_id": "golden-test",
        "expected_schema_version": "tokenzero.os_release_artifact.v1",
        "present": true,
        "reasons": [],
        "release_candidate_id": "golden-test",
        "release_candidate_matches": true,
        "requirement_id": "FR-007",
        "requirement_residual": "macOS shell and install artifacts missing",
        "requirement_status": "blocked_public",
        "schema_matches": true,
        "schema_version": "tokenzero.os_release_artifact.v1",
        "section": "must_fr",
        "status": "present"
      },
      {
        "artifact_valid": true,
        "content_markers_present": null,
        "evidence": "results/current/tokenzero_claim_audit.json",
        "evidence_kind": "artifact",
        "expected_content_markers": null,
        "expected_release_candidate_id": "golden-test",
        "expected_schema_version": "tokenzero.claim_audit.v1",
        "present": true,
        "reasons": [],
        "release_candidate_id": "golden-test",
        "release_candidate_matches": true,
        "requirement_id": "FR-010",
        "requirement_residual": "public claim approval intentionally false: release approval not granted",
        "requirement_status": "passed_blocked",
        "schema_matches": true,
        "schema_version": "tokenzero.claim_audit.v1",
        "section": "must_fr",
        "status": "present"
      },
      {
        "artifact_valid": true,
        "content_markers_present": null,
        "evidence": "results/current/tokenzero_exact_recovery_audit.json",
        "evidence_kind": "artifact",
        "expected_content_markers": null,
        "expected_release_candidate_id": "golden-test",
        "expected_schema_version": "tokenzero.exact_recovery_audit.v1",
        "present": true,
        "reasons": [],
        "release_candidate_id": "golden-test",
        "release_candidate_matches": true,
        "requirement_id": "NFR-001",
        "requirement_residual": null,
        "requirement_status": "passed",
        "schema_matches": true,
        "schema_version": "tokenzero.exact_recovery_audit.v1",
        "section": "critical_nfr",
        "status": "present"
      },
      {
        "artifact_valid": true,
        "content_markers_present": null,
        "evidence": "results/current/tokenzero_os_reach_audit.json",
        "evidence_kind": "artifact",
        "expected_content_markers": null,
        "expected_release_candidate_id": "golden-test",
        "expected_schema_version": "tokenzero.os_reach_audit.v1",
        "present": true,
        "reasons": [],
        "release_candidate_id": "golden-test",
        "release_candidate_matches": true,
        "requirement_id": "NFR-002",
        "requirement_residual": "macOS shell and install artifacts missing",
        "requirement_status": "blocked_public",
        "schema_matches": true,
        "schema_version": "tokenzero.os_reach_audit.v1",
        "section": "critical_nfr",
        "status": "present"
      },
      {
        "artifact_valid": true,
        "content_markers_present": null,
        "evidence": "results/current/tokenzero_os_release_artifact.json",
        "evidence_kind": "artifact",
        "expected_content_markers": null,
        "expected_release_candidate_id": "golden-test",
        "expected_schema_version": "tokenzero.os_release_artifact.v1",
        "present": true,
        "reasons": [],
        "release_candidate_id": "golden-test",
        "release_candidate_matches": true,
        "requirement_id": "NFR-002",
        "requirement_residual": "macOS shell and install artifacts missing",
        "requirement_status": "blocked_public",
        "schema_matches": true,
        "schema_version": "tokenzero.os_release_artifact.v1",
        "section": "critical_nfr",
        "status": "present"
      },
      {
        "artifact_valid": true,
        "content_markers_present": null,
        "evidence": "results/current/tokenzero_security_privacy_audit.json",
        "evidence_kind": "artifact",
        "expected_content_markers": null,
        "expected_release_candidate_id": null,
        "expected_schema_version": "tokenzero.security_privacy_audit.v1",
        "present": true,
        "reasons": [],
        "release_candidate_id": null,
        "release_candidate_matches": null,
        "requirement_id": "NFR-003",
        "requirement_residual": null,
        "requirement_status": "passed",
        "schema_matches": true,
        "schema_version": "tokenzero.security_privacy_audit.v1",
        "section": "critical_nfr",
        "status": "present"
      },
      {
        "artifact_valid": true,
        "content_markers_present": null,
        "evidence": "results/current/tokenzero_security_privacy_audit.json",
        "evidence_kind": "artifact",
        "expected_content_markers": null,
        "expected_release_candidate_id": null,
        "expected_schema_version": "tokenzero.security_privacy_audit.v1",
        "present": true,
        "reasons": [],
        "release_candidate_id": null,
        "release_candidate_matches": null,
        "requirement_id": "NFR-004",
        "requirement_residual": null,
        "requirement_status": "passed",
        "schema_matches": true,
        "schema_version": "tokenzero.security_privacy_audit.v1",
        "section": "critical_nfr",
        "status": "present"
      }
    ],
    "present": true,
    "public_claims_approved": false,
    "release_candidate_id": "golden-test",
    "release_publication_allowed": false,
    "requirement_status_counts": {
      "blocked_public": 3,
      "passed": 9,
      "passed_blocked": 2,
      "passed_private": 8
    },
    "residual_gate_matrix": [
      {
        "blocked_reasons": [
          "adapter approval artifact does not allow execution",
          "adapter approval artifact not approved for public claims"
        ],
        "gate_id": "adapter_approval",
        "next_action": {
          "action": "approve reviewed competitor commands, link them into the benchmark as approved_not_executed evidence, and only then decide whether an explicitly approved execution phase is warranted",
          "id": "runnable_adapter_approval",
          "owner": "bench/release",
          "stop_condition": "no blind install, no unreviewed competitor binary execution, and no public benchmark claim from approved_not_executed rows",
          "validation": "tokenzero adapter-approval-audit --approval-file <reviewed.json> --execution-approval --json, then tokenzero bench competitors --adapter-approval-artifact <adapter-approval.json> --json and inspect approved_not_executed rows before any runnable execution"
        },
        "next_action_id": "runnable_adapter_approval",
        "owner": "bench/release",
        "status": "blocked",
        "stop_before": [
          "competitor execution",
          "public benchmark claim"
        ]
      },
      {
        "blocked_reasons": [
          "benchmark artifact not approved for publication",
          "benchmark competitor rows must be runnable for public claims"
        ],
        "gate_id": "benchmark_artifact",
        "next_action": {
          "action": "approve reviewed competitor commands, link them into the benchmark as approved_not_executed evidence, and only then decide whether an explicitly approved execution phase is warranted",
          "id": "runnable_adapter_approval",
          "owner": "bench/release",
          "stop_condition": "no blind install, no unreviewed competitor binary execution, and no public benchmark claim from approved_not_executed rows",
          "validation": "tokenzero adapter-approval-audit --approval-file <reviewed.json> --execution-approval --json, then tokenzero bench competitors --adapter-approval-artifact <adapter-approval.json> --json and inspect approved_not_executed rows before any runnable execution"
        },
        "next_action_id": "runnable_adapter_approval",
        "owner": "bench/release",
        "status": "blocked",
        "stop_before": [
          "competitor execution",
          "public benchmark claim"
        ]
      },
      {
        "blocked_reasons": [
          "OS artifact set not approved for public claim"
        ],
        "gate_id": "os_artifact",
        "next_action": {
          "action": "run os-release-artifact on macOS, then rerun OS reach audit with those artifacts",
          "id": "os_matrix_expansion",
          "missing_release_oses": [
            "macos"
          ],
          "owner": "release/verification",
          "stop_condition": "do not claim OS-agnostic until all release OS rows pass",
          "validation": "tokenzero os-release-artifact --json on macOS, then tokenzero os-reach-audit --os-artifact <macos.json> --json with Windows/Linux/macOS release-candidate rows"
        },
        "next_action_id": "os_matrix_expansion",
        "owner": "release/verification",
        "status": "blocked",
        "stop_before": [
          "OS-agnostic public claim",
          "publication"
        ]
      },
      {
        "blocked_reasons": [
          "release approval not granted"
        ],
        "gate_id": "release_approval",
        "next_action": {
          "action": "rerun completion audit and reconcile every residual gate before claiming completion",
          "id": "final_false_closure_audit",
          "owner": "implementer",
          "stop_condition": "completion_achieved must remain false until every required evidence row is direct and current",
          "validation": "tokenzero completion-audit --json"
        },
        "next_action_id": "final_false_closure_audit",
        "owner": "implementer",
        "status": "blocked",
        "stop_before": [
          "release",
          "publication",
          "global install apply"
        ]
      }
    ],
    "residual_gate_status_counts": {
      "blocked": 4
    },
    "schema_version": "tokenzero.completion_audit.v1"
  },
  "global_tokenzero_release_verification_trusted": false,
  "handoff_note": "Use current worktree and artifacts as authoritative; do not infer completion from summary prose.",
  "installed_wrapper_audit": {
    "approved_install_required_for_global_update": true,
    "candidate_count": 0,
    "candidate_paths": [],
    "command": "tokenzero",
    "current_exe": "[WORKSPACE]/target/debug/tokenzero",
    "current_exe_on_path": false,
    "daemon_required": false,
    "global_writes": false,
    "resolved_is_current_exe": false,
    "resolved_path": "",
    "schema_version": "tokenzero.installed_wrapper_audit.v1",
    "status": "missing"
  },
  "next_actions": [
    {
      "action": "approve reviewed competitor commands, link them into the benchmark as approved_not_executed evidence, and only then decide whether an explicitly approved execution phase is warranted",
      "id": "runnable_adapter_approval",
      "owner": "bench/release",
      "stop_condition": "no blind install, no unreviewed competitor binary execution, and no public benchmark claim from approved_not_executed rows",
      "validation": "tokenzero adapter-approval-audit --approval-file <reviewed.json> --execution-approval --json, then tokenzero bench competitors --adapter-approval-artifact <adapter-approval.json> --json and inspect approved_not_executed rows before any runnable execution"
    },
    {
      "action": "run os-release-artifact on macOS, then rerun OS reach audit with those artifacts",
      "id": "os_matrix_expansion",
      "missing_release_oses": [
        "macos"
      ],
      "owner": "release/verification",
      "stop_condition": "do not claim OS-agnostic until all release OS rows pass",
      "validation": "tokenzero os-release-artifact --json on macOS, then tokenzero os-reach-audit --os-artifact <macos.json> --json with Windows/Linux/macOS release-candidate rows"
    },
    {
      "action": "rerun completion audit and reconcile every residual gate before claiming completion",
      "id": "final_false_closure_audit",
      "owner": "implementer",
      "stop_condition": "completion_achieved must remain false until every required evidence row is direct and current",
      "validation": "tokenzero completion-audit --json"
    }
  ],
  "ok": true,
  "public_claims_approved": false,
  "release_candidate_id": "golden-test",
  "release_publication_allowed": false,
  "release_verification_binary": "[WORKSPACE]/target/debug/tokenzero",
  "requirement_status_counts": {
    "blocked_public": 3,
    "passed": 9,
    "passed_blocked": 2,
    "passed_private": 8
  },
  "residual_gate_matrix": [
    {
      "blocked_reasons": [
        "adapter approval artifact does not allow execution",
        "adapter approval artifact not approved for public claims"
      ],
      "gate_id": "adapter_approval",
      "next_action": {
        "action": "approve reviewed competitor commands, link them into the benchmark as approved_not_executed evidence, and only then decide whether an explicitly approved execution phase is warranted",
        "id": "runnable_adapter_approval",
        "owner": "bench/release",
        "stop_condition": "no blind install, no unreviewed competitor binary execution, and no public benchmark claim from approved_not_executed rows",
        "validation": "tokenzero adapter-approval-audit --approval-file <reviewed.json> --execution-approval --json, then tokenzero bench competitors --adapter-approval-artifact <adapter-approval.json> --json and inspect approved_not_executed rows before any runnable execution"
      },
      "next_action_id": "runnable_adapter_approval",
      "owner": "bench/release",
      "status": "blocked",
      "stop_before": [
        "competitor execution",
        "public benchmark claim"
      ]
    },
    {
      "blocked_reasons": [
        "benchmark artifact not approved for publication",
        "benchmark competitor rows must be runnable for public claims"
      ],
      "gate_id": "benchmark_artifact",
      "next_action": {
        "action": "approve reviewed competitor commands, link them into the benchmark as approved_not_executed evidence, and only then decide whether an explicitly approved execution phase is warranted",
        "id": "runnable_adapter_approval",
        "owner": "bench/release",
        "stop_condition": "no blind install, no unreviewed competitor binary execution, and no public benchmark claim from approved_not_executed rows",
        "validation": "tokenzero adapter-approval-audit --approval-file <reviewed.json> --execution-approval --json, then tokenzero bench competitors --adapter-approval-artifact <adapter-approval.json> --json and inspect approved_not_executed rows before any runnable execution"
      },
      "next_action_id": "runnable_adapter_approval",
      "owner": "bench/release",
      "status": "blocked",
      "stop_before": [
        "competitor execution",
        "public benchmark claim"
      ]
    },
    {
      "blocked_reasons": [
        "OS artifact set not approved for public claim"
      ],
      "gate_id": "os_artifact",
      "next_action": {
        "action": "run os-release-artifact on macOS, then rerun OS reach audit with those artifacts",
        "id": "os_matrix_expansion",
        "missing_release_oses": [
          "macos"
        ],
        "owner": "release/verification",
        "stop_condition": "do not claim OS-agnostic until all release OS rows pass",
        "validation": "tokenzero os-release-artifact --json on macOS, then tokenzero os-reach-audit --os-artifact <macos.json> --json with Windows/Linux/macOS release-candidate rows"
      },
      "next_action_id": "os_matrix_expansion",
      "owner": "release/verification",
      "status": "blocked",
      "stop_before": [
        "OS-agnostic public claim",
        "publication"
      ]
    },
    {
      "blocked_reasons": [
        "release approval not granted"
      ],
      "gate_id": "release_approval",
      "next_action": {
        "action": "rerun completion audit and reconcile every residual gate before claiming completion",
        "id": "final_false_closure_audit",
        "owner": "implementer",
        "stop_condition": "completion_achieved must remain false until every required evidence row is direct and current",
        "validation": "tokenzero completion-audit --json"
      },
      "next_action_id": "final_false_closure_audit",
      "owner": "implementer",
      "status": "blocked",
      "stop_before": [
        "release",
        "publication",
        "global install apply"
      ]
    }
  ],
  "residual_gate_status_counts": {
    "blocked": 4
  },
  "schema_version": "tokenzero.artifact_handoff.v1",
  "status": "ok",
  "stop_before": [
    "release",
    "publication",
    "remote mutation",
    "paid services",
    "global install apply",
    "public benchmark claim"
  ],
  "thread_goal": "Implement tokenzero_competitive_superiority_goal.md phase by phase with verification evidence",
  "verification_evidence_integrity_matrix": [
    {
      "artifact_id": "advanced_adr",
      "artifact_path": "docs/advanced-adr-execution-record.md",
      "present": true,
      "reasons": [],
      "status": "linked_valid",
      "valid": true,
      "verification_id": "VP-001"
    },
    {
      "artifact_id": "completion_audit",
      "artifact_path": "results/current/tokenzero_completion_audit.json",
      "present": true,
      "reasons": [],
      "status": "linked_valid",
      "valid": true,
      "verification_id": "VP-002"
    },
    {
      "artifact_id": "mcp_smoke",
      "artifact_path": "results/current/rust_mcp_smoke.json",
      "present": true,
      "reasons": [],
      "status": "linked_valid",
      "valid": true,
      "verification_id": "VP-003"
    },
    {
      "artifact_id": "shell_matrix",
      "artifact_path": "results/current/tokenzero_shell_matrix.json",
      "present": true,
      "reasons": [],
      "status": "linked_valid",
      "valid": true,
      "verification_id": "VP-004"
    },
    {
      "artifact_id": "os_release_artifact",
      "artifact_path": "results/current/tokenzero_os_release_artifact.json",
      "present": true,
      "reasons": [],
      "status": "linked_valid",
      "valid": true,
      "verification_id": "VP-004"
    },
    {
      "artifact_id": "os_reach",
      "artifact_path": "results/current/tokenzero_os_reach_audit.json",
      "present": true,
      "reasons": [],
      "status": "linked_valid",
      "valid": true,
      "verification_id": "VP-004"
    },
    {
      "artifact_id": "bench_competitors",
      "artifact_path": "results/current/tokenzero_bench_competitors_shell_heavy.json",
      "present": true,
      "reasons": [],
      "status": "linked_valid",
      "valid": true,
      "verification_id": "VP-005"
    },
    {
      "artifact_id": "adapter_approval_audit",
      "artifact_path": "results/current/tokenzero_adapter_approval_audit.json",
      "present": true,
      "reasons": [],
      "status": "linked_valid",
      "valid": true,
      "verification_id": "VP-005"
    },
    {
      "artifact_id": "exact_recovery",
      "artifact_path": "results/current/tokenzero_exact_recovery_audit.json",
      "present": true,
      "reasons": [],
      "status": "linked_valid",
      "valid": true,
      "verification_id": "VP-006"
    },
    {
      "artifact_id": "one_shot",
      "artifact_path": "results/current/tokenzero_one_shot_eval.json",
      "present": true,
      "reasons": [],
      "status": "linked_valid",
      "valid": true,
      "verification_id": "VP-007"
    },
    {
      "artifact_id": "task_success",
      "artifact_path": "results/current/tokenzero_one_shot_eval.json",
      "present": true,
      "reasons": [],
      "status": "linked_valid",
      "valid": true,
      "verification_id": "VP-007"
    },
    {
      "artifact_id": "claim_audit",
      "artifact_path": "results/current/tokenzero_claim_audit.json",
      "present": true,
      "reasons": [],
      "status": "linked_valid",
      "valid": true,
      "verification_id": "VP-008"
    }
  ],
  "verification_plan_matrix": [
    {
      "blocked_reasons": [],
      "command": "python scripts/validate_prd_goal.py PRD_GOAL.md --min-score 930",
      "evidence_artifact_ids": [
        "advanced_adr"
      ],
      "id": "VP-001",
      "passing_condition": "PASS and no check failures",
      "status": "passed_local",
      "stop_before": []
    },
    {
      "blocked_reasons": [],
      "command": "cargo test --workspace",
      "evidence_artifact_ids": [
        "completion_audit"
      ],
      "id": "VP-002",
      "passing_condition": "exit code 0",
      "status": "passed_local",
      "stop_before": []
    },
    {
      "blocked_reasons": [],
      "command": "target/windows-verify/release/tokenzero.exe mcp-smoke --json",
      "evidence_artifact_ids": [
        "mcp_smoke"
      ],
      "id": "VP-003",
      "passing_condition": "ok true and no unexpected exits",
      "status": "passed_local",
      "stop_before": []
    },
    {
      "blocked_reasons": [
        "macOS shell matrix artifacts not run on this host"
      ],
      "command": "target/windows-verify/release/tokenzero.exe shell-matrix --json",
      "evidence_artifact_ids": [
        "shell_matrix",
        "os_release_artifact",
        "os_reach"
      ],
      "id": "VP-004",
      "passing_condition": "each release OS passes before OS claim",
      "status": "blocked_public",
      "stop_before": [
        "OS-agnostic public claim",
        "publication"
      ]
    },
    {
      "blocked_reasons": [
        "public benchmark claim remains gated"
      ],
      "command": "target/windows-verify/release/tokenzero.exe bench competitors --suite shell-heavy --json",
      "evidence_artifact_ids": [
        "bench_competitors",
        "adapter_approval_audit"
      ],
      "id": "VP-005",
      "passing_condition": "Safe Savings artifact, honest unavailable rows, public_claims_approved false until evidence",
      "status": "passed_private",
      "stop_before": [
        "public benchmark claim",
        "publication"
      ]
    },
    {
      "blocked_reasons": [],
      "command": "exact expand checks for every emitted local ref in benchmark suite",
      "evidence_artifact_ids": [
        "exact_recovery"
      ],
      "id": "VP-006",
      "passing_condition": "byte-perfect recovery true",
      "status": "passed_local",
      "stop_before": []
    },
    {
      "blocked_reasons": [
        "public one-shot claim remains gated"
      ],
      "command": "one-shot golden trace evaluator",
      "evidence_artifact_ids": [
        "one_shot",
        "task_success"
      ],
      "id": "VP-007",
      "passing_condition": "0% critical miss and less than 2% overall miss",
      "status": "passed_private",
      "stop_before": [
        "publication"
      ]
    },
    {
      "blocked_reasons": [
        "public claims intentionally blocked until release gates pass"
      ],
      "command": "claim audit with source refresh",
      "evidence_artifact_ids": [
        "claim_audit"
      ],
      "id": "VP-008",
      "passing_condition": "approved only when source and benchmark evidence agree",
      "status": "blocked_public",
      "stop_before": [
        "release",
        "publication",
        "global install apply"
      ]
    }
  ],
  "verification_plan_status_counts": {
    "blocked_public": 2,
    "passed_local": 4,
    "passed_private": 2
  }
}
