{
  "accounting": {
    "billed_tokens": 2,
    "cached_tokens": 0,
    "exact_ref_tokens": 14,
    "raw_tokens": 2,
    "recovery_tokens": 0,
    "visible_tokens": 2
  },
  "ack": "0",
  "content_type": "unknown",
  "detail_ref": "tz://blob/[BLOB_REF_1]",
  "mode": "auto",
  "refs": [
    {
      "bytes": 11,
      "kind": "blob",
      "live": true,
      "ref": "tz://blob/[BLOB_REF_1]"
    },
    {
      "bytes": 11,
      "kind": "file",
      "live": true,
      "ref": "tz://file/[FILE_REF_1]"
    }
  ],
  "schema_version": "tokenzero.cli.v1",
  "status": "ok",
  "telemetry": {
    "cache_hit": false,
    "output_strategy": "full",
    "session_delta": {
      "delta_bytes": 10,
      "from_hwm": "[DYNAMIC_HWM]",
      "full_bytes": 10,
      "saved_bytes": 0,
      "to_hwm": "[DYNAMIC_HWM]"
    }
  },
  "tool": "read",
  "visible": {
    "kind": "capsule",
    "text": "alpha\nbeta"
  }
}
